[    0.000000] Initializing cgroup subsys cpuset
[    0.000000] Initializing cgroup subsys cpu
[    0.000000] Initializing cgroup subsys cpuacct
[    0.000000] Linux version 4.4.0-210-generic (buildd@lgw01-amd64-009) (gcc version 5.4.0 20160609 (Ubuntu 5.4.0-6ubuntu1~16.04.12) ) #242-Ubuntu SMP Fri Apr 16 09:57:56 UTC 2021 (Ubuntu 4.4.0-210.242-generic 4.4.262)
[    0.000000] Command line: BOOT_IMAGE=/boot/vmlinuz-4.4.0-210-generic root=LABEL=cloudimg-rootfs ro console=tty1 console=ttyS0
[    0.000000] KERNEL supported cpus:
[    0.000000]   Intel GenuineIntel
[    0.000000]   AMD AuthenticAMD
[    0.000000]   Centaur CentaurHauls
[    0.000000] x86/fpu: xstate_offset[2]:  576, xstate_sizes[2]:  256
[    0.000000] x86/fpu: Supporting XSAVE feature 0x01: 'x87 floating point registers'
[    0.000000] x86/fpu: Supporting XSAVE feature 0x02: 'SSE registers'
[    0.000000] x86/fpu: Supporting XSAVE feature 0x04: 'AVX registers'
[    0.000000] x86/fpu: Enabled xstate features 0x7, context size is 832 bytes, using 'standard' format.
[    0.000000] e820: BIOS-provided physical RAM map:
[    0.000000] BIOS-e820: [mem 0x0000000000000000-0x000000000009fbff] usable
[    0.000000] BIOS-e820: [mem 0x000000000009fc00-0x000000000009ffff] reserved
[    0.000000] BIOS-e820: [mem 0x00000000000f0000-0x00000000000fffff] reserved
[    0.000000] BIOS-e820: [mem 0x0000000000100000-0x000000003ffeffff] usable
[    0.000000] BIOS-e820: [mem 0x000000003fff0000-0x000000003fffffff] ACPI data
[    0.000000] BIOS-e820: [mem 0x00000000fec00000-0x00000000fec00fff] reserved
[    0.000000] BIOS-e820: [mem 0x00000000fee00000-0x00000000fee00fff] reserved
[    0.000000] BIOS-e820: [mem 0x00000000fffc0000-0x00000000ffffffff] reserved
[    0.000000] NX (Execute Disable) protection: active
[    0.000000] SMBIOS 2.5 present.
[    0.000000] Hypervisor detected: KVM
[    0.000000] e820: last_pfn = 0x3fff0 max_arch_pfn = 0x400000000
[    0.000000] MTRR: Disabled
[    0.000000] x86/PAT: MTRRs disabled, skipping PAT initialization too.
[    0.000000] CPU MTRRs all blank - virtualized system.
[    0.000000] x86/PAT: Configuration [0-7]: WB  WT  UC- UC  WB  WT  UC- UC  
[    0.000000] found SMP MP-table at [mem 0x0009fff0-0x0009ffff] mapped at [ffff88000009fff0]
[    0.000000] Scanning 1 areas for low memory corruption
[    0.000000] RAMDISK: [mem 0x362de000-0x37166fff]
[    0.000000] ACPI: Early table checksum verification disabled
[    0.000000] ACPI: RSDP 0x00000000000E0000 000024 (v02 VBOX  )
[    0.000000] ACPI: XSDT 0x000000003FFF0030 00003C (v01 VBOX   VBOXXSDT 00000001 ASL  00000061)
[    0.000000] ACPI: FACP 0x000000003FFF00F0 0000F4 (v04 VBOX   VBOXFACP 00000001 ASL  00000061)
[    0.000000] ACPI: DSDT 0x000000003FFF0470 002325 (v02 VBOX   VBOXBIOS 00000002 INTL 20120111)
[    0.000000] ACPI: FACS 0x000000003FFF0200 000040
[    0.000000] ACPI: FACS 0x000000003FFF0200 000040
[    0.000000] ACPI: APIC 0x000000003FFF0240 00005C (v02 VBOX   VBOXAPIC 00000001 ASL  00000061)
[    0.000000] ACPI: SSDT 0x000000003FFF02A0 0001CC (v01 VBOX   VBOXCPUT 00000002 INTL 20120111)
[    0.000000] No NUMA configuration found
[    0.000000] Faking a node at [mem 0x0000000000000000-0x000000003ffeffff]
[    0.000000] NODE_DATA(0) allocated [mem 0x3ffeb000-0x3ffeffff]
[    0.000000] kvm-clock: Using msrs 4b564d01 and 4b564d00
[    0.000000] kvm-clock: cpu 0, msr 0:3ffe3001, primary cpu clock
[    0.000000] kvm-clock: using sched offset of 3881825958 cycles
[    0.000000] clocksource: kvm-clock: mask: 0xffffffffffffffff max_cycles: 0x1cd42e4dffb, max_idle_ns: 881590591483 ns
[    0.000000] Zone ranges:
[    0.000000]   DMA      [mem 0x0000000000001000-0x0000000000ffffff]
[    0.000000]   DMA32    [mem 0x0000000001000000-0x000000003ffeffff]
[    0.000000]   Normal   empty
[    0.000000]   Device   empty
[    0.000000] Movable zone start for each node
[    0.000000] Early memory node ranges
[    0.000000]   node   0: [mem 0x0000000000001000-0x000000000009efff]
[    0.000000]   node   0: [mem 0x0000000000100000-0x000000003ffeffff]
[    0.000000] Initmem setup node 0 [mem 0x0000000000001000-0x000000003ffeffff]
[    0.000000] ACPI: PM-Timer IO Port: 0x4008
[    0.000000] IOAPIC[0]: apic_id 2, version 32, address 0xfec00000, GSI 0-23
[    0.000000] ACPI: INT_SRC_OVR (bus 0 bus_irq 0 global_irq 2 dfl dfl)
[    0.000000] ACPI: INT_SRC_OVR (bus 0 bus_irq 9 global_irq 9 low level)
[    0.000000] Using ACPI (MADT) for SMP configuration information
[    0.000000] smpboot: Allowing 2 CPUs, 0 hotplug CPUs
[    0.000000] PM: Registered nosave memory: [mem 0x00000000-0x00000fff]
[    0.000000] PM: Registered nosave memory: [mem 0x0009f000-0x0009ffff]
[    0.000000] PM: Registered nosave memory: [mem 0x000a0000-0x000effff]
[    0.000000] PM: Registered nosave memory: [mem 0x000f0000-0x000fffff]
[    0.000000] e820: [mem 0x40000000-0xfebfffff] available for PCI devices
[    0.000000] Booting paravirtualized kernel on KVM
[    0.000000] clocksource: refined-jiffies: mask: 0xffffffff max_cycles: 0xffffffff, max_idle_ns: 7645519600211568 ns
[    0.000000] setup_percpu: NR_CPUS:512 nr_cpumask_bits:512 nr_cpu_ids:2 nr_node_ids:1
[    0.000000] PERCPU: Embedded 33 pages/cpu @ffff88003fc00000 s95192 r8192 d31784 u1048576
[    0.000000] Built 1 zonelists in Node order, mobility grouping on.  Total pages: 257912
[    0.000000] Policy zone: DMA32
[    0.000000] Kernel command line: BOOT_IMAGE=/boot/vmlinuz-4.4.0-210-generic root=LABEL=cloudimg-rootfs ro console=tty1 console=ttyS0
[    0.000000] PID hash table entries: 4096 (order: 3, 32768 bytes)
[    0.000000] Memory: 997796K/1048120K available (8644K kernel code, 1332K rwdata, 4044K rodata, 1492K init, 1164K bss, 50324K reserved, 0K cma-reserved)
[    0.000000] SLUB: HWalign=64, Order=0-3, MinObjects=0, CPUs=2, Nodes=1
[    0.000000] Kernel/User page tables isolation: enabled
[    0.000000] Hierarchical RCU implementation.
[    0.000000] 	Build-time adjustment of leaf fanout to 64.
[    0.000000] 	RCU restricting CPUs from NR_CPUS=512 to nr_cpu_ids=2.
[    0.000000] RCU: Adjusting geometry for rcu_fanout_leaf=64, nr_cpu_ids=2
[    0.000000] NR_IRQS:33024 nr_irqs:440 16
[    0.000000] Console: colour VGA+ 80x25
[    0.000000] console [tty1] enabled
[    0.000000] console [ttyS0] enabled
[    0.000000] tsc: Detected 1391.999 MHz processor
[    0.213917] Calibrating delay loop (skipped) preset value.. 2783.99 BogoMIPS (lpj=5567996)
[    0.216480] pid_max: default: 32768 minimum: 301
[    0.217501] ACPI: Core revision 20150930
[    0.219056] ACPI: 2 ACPI AML tables successfully acquired and loaded
[    0.220422] Security Framework initialized
[    0.221553] Yama: becoming mindful.
[    0.223260] AppArmor: AppArmor initialized
[    0.224444] Dentry cache hash table entries: 131072 (order: 8, 1048576 bytes)
[    0.227376] Inode-cache hash table entries: 65536 (order: 7, 524288 bytes)
[    0.229591] Mount-cache hash table entries: 2048 (order: 2, 16384 bytes)
[    0.231291] Mountpoint-cache hash table entries: 2048 (order: 2, 16384 bytes)
[    0.232827] Initializing cgroup subsys io
[    0.233938] Initializing cgroup subsys memory
[    0.234922] Initializing cgroup subsys devices
[    0.235880] Initializing cgroup subsys freezer
[    0.237780] Initializing cgroup subsys net_cls
[    0.239161] Initializing cgroup subsys perf_event
[    0.240716] Initializing cgroup subsys net_prio
[    0.241757] Initializing cgroup subsys hugetlb
[    0.242711] Initializing cgroup subsys pids
[    0.257382] mce: CPU supports 0 MCE banks
[    0.258590] Last level iTLB entries: 4KB 64, 2MB 8, 4MB 8
[    0.259705] Last level dTLB entries: 4KB 64, 2MB 0, 4MB 0, 1GB 4
[    0.261698] Spectre V1 : Mitigation: usercopy/swapgs barriers and __user pointer sanitization
[    0.263478] Spectre V2 : Mitigation: Full generic retpoline
[    0.264649] Spectre V2 : Spectre v2 / SpectreRSB mitigation: Filling RSB on context switch
[    0.266391] Speculative Store Bypass: Vulnerable
[    0.267361] SRBDS: Unknown: Dependent on hypervisor status
[    0.269873] MDS: Mitigation: Clear CPU buffers
[    0.273229] Freeing SMP alternatives memory: 36K
[    0.280513] ftrace: allocating 32380 entries in 127 pages
[    0.338862] smpboot: APIC(0) Converting physical 0 to logical package 0
[    0.341024] smpboot: Max logical packages: 1
[    0.342691] x2apic enabled
[    0.343734] Switched APIC routing to physical x2apic.
[    0.346330] ..TIMER: vector=0x30 apic1=0 pin1=2 apic2=-1 pin2=-1
[    0.456288] smpboot: CPU0: Intel(R) Core(TM) i5-8257U CPU @ 1.40GHz (family: 0x6, model: 0x8e, stepping: 0xa)
[    0.458743] Performance Events: unsupported p6 CPU model 142 no PMU driver, software events only.
[    0.471844] KVM setup paravirtual spinlock
[    0.473597] x86: Booting SMP configuration:
[    0.474649] .... node  #0, CPUs:      #1
[    0.475640] kvm-clock: cpu 1, msr 0:3ffe3041, secondary cpu clock
[    0.489925] mce: CPU supports 0 MCE banks
[    0.493159] x86: Booted up 1 node, 2 CPUs
[    0.495425] smpboot: Total of 2 processors activated (5567.99 BogoMIPS)
[    0.497243] devtmpfs: initialized
[    0.499536] evm: security.selinux
[    0.500345] evm: security.SMACK64
[    0.501258] evm: security.SMACK64EXEC
[    0.502619] evm: security.SMACK64TRANSMUTE
[    0.504018] evm: security.SMACK64MMAP
[    0.504891] evm: security.ima
[    0.505585] evm: security.capability
[    0.506524] clocksource: jiffies: mask: 0xffffffff max_cycles: 0xffffffff, max_idle_ns: 7645041785100000 ns
[    0.509496] futex hash table entries: 512 (order: 3, 32768 bytes)
[    0.510953] pinctrl core: initialized pinctrl subsystem
[    0.512190] RTC time:  6:46:22, date: 05/22/21
[    0.513415] NET: Registered protocol family 16
[    0.529015] cpuidle: using governor ladder
[    0.540830] cpuidle: using governor menu
[    0.542212] PCCT header not found.
[    0.543291] ACPI: bus type PCI registered
[    0.544334] acpiphp: ACPI Hot Plug PCI Controller Driver version: 0.5
[    0.546152] PCI: Using configuration type 1 for base access
[    0.561595] ACPI: Added _OSI(Module Device)
[    0.562925] ACPI: Added _OSI(Processor Device)
[    0.565162] ACPI: Added _OSI(3.0 _SCP Extensions)
[    0.566762] ACPI: Added _OSI(Processor Aggregator Device)
[    0.568935] ACPI: Executed 1 blocks of module-level executable AML code
[    0.573580] ACPI: Interpreter enabled
[    0.574670] ACPI: (supports S0 S5)
[    0.575776] ACPI: Using IOAPIC for interrupt routing
[    0.577048] PCI: Using host bridge windows from ACPI; if necessary, use "pci=nocrs" and report a bug
[    0.583795] ACPI: PCI Root Bridge [PCI0] (domain 0000 [bus 00-ff])
[    0.585207] acpi PNP0A03:00: _OSC: OS supports [ASPM ClockPM Segments MSI]
[    0.587706] acpi PNP0A03:00: _OSC: not requesting OS control; OS requires [ExtendedConfig ASPM ClockPM MSI]
[    0.589817] acpi PNP0A03:00: fail to add MMCONFIG information, can't access extended PCI configuration space under this bridge.
[    0.592649] PCI host bridge to bus 0000:00
[    0.593568] pci_bus 0000:00: root bus resource [io  0x0000-0x0cf7 window]
[    0.595773] pci_bus 0000:00: root bus resource [io  0x0d00-0xffff window]
[    0.597152] pci_bus 0000:00: root bus resource [mem 0x000a0000-0x000bffff window]
[    0.598761] pci_bus 0000:00: root bus resource [mem 0x40000000-0xfdffffff window]
[    0.600382] pci_bus 0000:00: root bus resource [bus 00-ff]
[    0.604927] pci 0000:00:01.1: legacy IDE quirk: reg 0x10: [io  0x01f0-0x01f7]
[    0.606414] pci 0000:00:01.1: legacy IDE quirk: reg 0x14: [io  0x03f6]
[    0.607718] pci 0000:00:01.1: legacy IDE quirk: reg 0x18: [io  0x0170-0x0177]
[    0.617287] pci 0000:00:01.1: legacy IDE quirk: reg 0x1c: [io  0x0376]
[    0.632576] pci 0000:00:07.0: quirk: [io  0x4000-0x403f] claimed by PIIX4 ACPI
[    0.634872] pci 0000:00:07.0: quirk: [io  0x4100-0x410f] claimed by PIIX4 SMB
[    0.646009] ACPI: PCI Interrupt Link [LNKA] (IRQs 5 9 10 *11)
[    0.647654] ACPI: PCI Interrupt Link [LNKB] (IRQs 5 9 *10 11)
[    0.649752] ACPI: PCI Interrupt Link [LNKC] (IRQs 5 *9 10 11)
[    0.651278] ACPI: PCI Interrupt Link [LNKD] (IRQs 5 9 10 *11)
[    0.652895] ACPI: Enabled 2 GPEs in block 00 to 07
[    0.654466] vgaarb: setting as boot device: PCI:0000:00:02.0
[    0.655637] vgaarb: device added: PCI:0000:00:02.0,decodes=io+mem,owns=io+mem,locks=none
[    0.658053] vgaarb: loaded
[    0.658779] vgaarb: bridge control possible 0000:00:02.0
[    0.660137] SCSI subsystem initialized
[    0.661153] ACPI: bus type USB registered
[    0.662053] usbcore: registered new interface driver usbfs
[    0.663190] usbcore: registered new interface driver hub
[    0.665363] usbcore: registered new device driver usb
[    0.668169] PCI: Using ACPI for IRQ routing
[    0.669479] NetLabel: Initializing
[    0.670330] NetLabel:  domain hash size = 128
[    0.671257] NetLabel:  protocols = UNLABELED CIPSOv4
[    0.673109] NetLabel:  unlabeled traffic allowed by default
[    0.674510] amd_nb: Cannot enumerate AMD northbridges
[    0.675909] clocksource: Switched to clocksource kvm-clock
[    0.684944] AppArmor: AppArmor Filesystem Enabled
[    0.686031] pnp: PnP ACPI init
[    0.688054] pnp: PnP ACPI: found 3 devices
[    0.699546] clocksource: acpi_pm: mask: 0xffffff max_cycles: 0xffffff, max_idle_ns: 2085701024 ns
[    0.701501] NET: Registered protocol family 2
[    0.702956] TCP established hash table entries: 8192 (order: 4, 65536 bytes)
[    0.705137] TCP bind hash table entries: 8192 (order: 5, 131072 bytes)
[    0.706479] TCP: Hash tables configured (established 8192 bind 8192)
[    0.707870] UDP hash table entries: 512 (order: 2, 16384 bytes)
[    0.709202] UDP-Lite hash table entries: 512 (order: 2, 16384 bytes)
[    0.711351] NET: Registered protocol family 1
[    0.712337] pci 0000:00:00.0: Limiting direct PCI/PCI transfers
[    0.713571] pci 0000:00:01.0: Activating ISA DMA hang workarounds
[    0.715008] Unpacking initramfs...
[    0.948340] Freeing initrd memory: 14884K
[    0.949760] clocksource: tsc: mask: 0xffffffffffffffff max_cycles: 0x14109a24aaa, max_idle_ns: 440795250993 ns
[    0.951855] platform rtc_cmos: registered platform RTC device (no PNP device found)
[    0.955023] Scanning for low memory corruption every 60 seconds
[    0.956664] audit: initializing netlink subsys (disabled)
[    0.957932] audit: type=2000 audit(1621665988.221:1): initialized
[    0.959487] Initialise system trusted keyring
[    0.961406] HugeTLB registered 2 MB page size, pre-allocated 0 pages
[    0.963874] zbud: loaded
[    0.964824] VFS: Disk quotas dquot_6.6.0
[    0.965715] VFS: Dquot-cache hash table entries: 512 (order 0, 4096 bytes)
[    0.967268] squashfs: version 4.0 (2009/01/31) Phillip Lougher
[    0.969470] fuse init (API version 7.23)
[    0.970503] Key type big_key registered
[    0.971368] Allocating IMA MOK and blacklist keyrings.
[    0.973557] Key type asymmetric registered
[    0.974513] Asymmetric key parser 'x509' registered
[    0.975588] Block layer SCSI generic (bsg) driver version 0.4 loaded (major 249)
[    0.977975] io scheduler noop registered
[    0.978838] io scheduler deadline registered (default)
[    0.979945] io scheduler cfq registered
[    0.980919] pci_hotplug: PCI Hot Plug PCI Core version: 0.5
[    0.982383] pciehp: PCI Express Hot Plug Controller Driver version: 0.4
[    0.984418] ACPI: AC Adapter [AC] (on-line)
[    0.985382] input: Power Button as /devices/LNXSYSTM:00/LNXPWRBN:00/input/input0
[    0.987056] ACPI: Power Button [PWRF]
[    0.988099] input: Sleep Button as /devices/LNXSYSTM:00/LNXSLPBN:00/input/input1
[    0.989830] ACPI: Sleep Button [SLPF]
[    0.992051] GHES: HEST is not enabled!
[    0.993242] ACPI: Battery Slot [BAT0] (battery present)
[    0.994478] Serial: 8250/16550 driver, 32 ports, IRQ sharing enabled
[    1.016432] 00:02: ttyS0 at I/O 0x3f8 (irq = 4, base_baud = 115200) is a 16550A
[    1.020388] Linux agpgart interface v0.103
[    1.024111] loop: module loaded
[    1.025388] scsi host0: ata_piix
[    1.026284] scsi host1: ata_piix
[    1.027050] ata1: PATA max UDMA/33 cmd 0x1f0 ctl 0x3f6 bmdma 0xd000 irq 14
[    1.028443] ata2: PATA max UDMA/33 cmd 0x170 ctl 0x376 bmdma 0xd008 irq 15
[    1.029898] libphy: Fixed MDIO Bus: probed
[    1.031512] tun: Universal TUN/TAP device driver, 1.6
[    1.032857] tun: (C) 1999-2004 Max Krasnyansky <maxk@qualcomm.com>
[    1.034220] PPP generic driver version 2.4.2
[    1.035238] ehci_hcd: USB 2.0 'Enhanced' Host Controller (EHCI) Driver
[    1.036591] ehci-pci: EHCI PCI platform driver
[    1.037601] ehci-platform: EHCI generic platform driver
[    1.039395] ohci_hcd: USB 1.1 'Open' Host Controller (OHCI) Driver
[    1.040694] ohci-pci: OHCI PCI platform driver
[    1.041692] ohci-platform: OHCI generic platform driver
[    1.043166] uhci_hcd: USB Universal Host Controller Interface driver
[    1.044530] i8042: PNP: PS/2 Controller [PNP0303:PS2K,PNP0f03:PS2M] at 0x60,0x64 irq 1,12
[    1.047263] serio: i8042 KBD port at 0x60,0x64 irq 1
[    1.048353] serio: i8042 AUX port at 0x60,0x64 irq 12
[    1.049575] mousedev: PS/2 mouse device common for all mice
[    1.050978] input: AT Translated Set 2 keyboard as /devices/platform/i8042/serio0/input/input2
[    1.054129] rtc_cmos rtc_cmos: rtc core: registered rtc_cmos as rtc0
[    1.055462] rtc_cmos rtc_cmos: alarms up to one day, 114 bytes nvram
[    1.056810] i2c /dev entries driver
[    1.057648] device-mapper: uevent: version 1.0.3
[    1.058785] device-mapper: ioctl: 4.34.0-ioctl (2015-10-28) initialised: dm-devel@redhat.com
[    1.061130] ledtrig-cpu: registered to indicate activity on CPUs
[    1.063255] NET: Registered protocol family 10
[    1.064450] NET: Registered protocol family 17
[    1.065420] Key type dns_resolver registered
[    1.066677] registered taskstats version 1
[    1.067576] Loading compiled-in X.509 certificates
[    1.069866] Loaded X.509 cert 'Build time autogenerated kernel key: cf00e047681d67edb2720680708b7d9498083038'
[    1.071941] zswap: loaded using pool lzo/zbud
[    1.074635] Key type trusted registered
[    1.079631] Key type encrypted registered
[    1.080776] AppArmor: AppArmor sha1 policy hashing enabled
[    1.081901] ima: No TPM chip found, activating TPM-bypass!
[    1.083037] ima: Allocated hash algorithm: sha1
[    1.084145] evm: HMAC attrs: 0x1
[    1.086099]   Magic number: 5:517:772
[    1.086989] rtc_cmos rtc_cmos: setting system clock to 2021-05-22 06:46:22 UTC (1621665982)
[    1.089129] BIOS EDD facility v0.16 2004-Jun-25, 0 devices found
[    1.090429] EDD information not available.
[    1.211340] Freeing unused kernel memory: 1492K
[    1.212834] Write protecting the kernel read-only data: 14336k
[    1.214392] Freeing unused kernel memory: 1584K
[    1.215444] Freeing unused kernel memory: 52K
Loading, please wait...
starting version 229
[    1.230093] random: systemd-udevd: uninitialized urandom read (16 bytes read, 3 bits of entropy available)
[    1.230606] random: udevadm: uninitialized urandom read (16 bytes read, 3 bits of entropy available)
[    1.230631] random: udevadm: uninitialized urandom read (16 bytes read, 3 bits of entropy available)
[    1.237886] random: systemd-udevd: uninitialized urandom read (16 bytes read, 3 bits of entropy available)
[    1.238719] random: udevadm: uninitialized urandom read (16 bytes read, 3 bits of entropy available)
[    1.238765] random: udevadm: uninitialized urandom read (16 bytes read, 3 bits of entropy available)
[    1.238885] random: udevadm: uninitialized urandom read (16 bytes read, 3 bits of entropy available)
[    1.238933] random: udevadm: uninitialized urandom read (16 bytes read, 3 bits of entropy available)
[    1.238991] random: udevadm: uninitialized urandom read (16 bytes read, 3 bits of entropy available)
[    1.239039] random: udevadm: uninitialized urandom read (16 bytes read, 3 bits of entropy available)
[    1.305835] Fusion MPT base driver 3.04.20
[    1.307467] Copyright (c) 1999-2008 LSI Corporation
[    1.315331] e1000: Intel(R) PRO/1000 Network Driver - version 7.3.21-k8-NAPI
[    1.316943] e1000: Copyright (c) 1999-2006 Intel Corporation.
[    1.335415] AVX2 version of gcm_enc/dec engaged.
[    1.337367] AES CTR mode by8 optimization enabled
[    1.351697] Fusion MPT SPI Host driver 3.04.20
[    1.505352] input: ImExPS/2 Generic Explorer Mouse as /devices/platform/i8042/serio1/input/input4
[    1.746201] e1000 0000:00:03.0 eth0: (PCI:33MHz:32-bit) 02:ed:98:3c:8e:82
[    1.747978] e1000 0000:00:03.0 eth0: Intel(R) PRO/1000 Network Connection
[    1.750757] mptbase: ioc0: Initiating bringup
[    1.812365] ioc0: LSI53C1030 A0: Capabilities={Initiator}
[    1.976749] scsi host2: ioc0: LSI53C1030 A0, FwRev=00000000h, Ports=1, MaxQ=256, IRQ=20
[    2.093538] scsi 2:0:0:0: Direct-Access     VBOX     HARDDISK         1.0  PQ: 0 ANSI: 5
[    2.099374] scsi target2:0:0: Beginning Domain Validation
[    2.102533] scsi target2:0:0: Domain Validation skipping write tests
[    2.104924] scsi target2:0:0: Ending Domain Validation
[    2.106087] scsi target2:0:0: asynchronous
[    2.107555] scsi 2:0:1:0: Direct-Access     VBOX     HARDDISK         1.0  PQ: 0 ANSI: 5
[    2.109489] scsi target2:0:1: Beginning Domain Validation
[    2.111557] scsi target2:0:1: Domain Validation skipping write tests
[    2.112878] scsi target2:0:1: Ending Domain Validation
[    2.113976] scsi target2:0:1: asynchronous
[    2.140742] sd 2:0:0:0: Attached scsi generic sg0 type 0
[    2.143021] sd 2:0:1:0: Attached scsi generic sg1 type 0
[    2.145144] sd 2:0:0:0: [sda] 83886080 512-byte logical blocks: (42.9 GB/40.0 GiB)
[    2.146900] sd 2:0:1:0: [sdb] 20480 512-byte logical blocks: (10.5 MB/10.0 MiB)
[    2.149026] sd 2:0:0:0: [sda] Write Protect is off
[    2.150343] sd 2:0:1:0: [sdb] Write Protect is off
[    2.151555] sd 2:0:0:0: [sda] Incomplete mode parameter data
[    2.152852] sd 2:0:0:0: [sda] Assuming drive cache: write through
[    2.154806] sd 2:0:1:0: [sdb] Incomplete mode parameter data
[    2.156348] sd 2:0:1:0: [sdb] Assuming drive cache: write through
[    2.159233]  sda: sda1
[    2.160663] sd 2:0:0:0: [sda] Attached SCSI disk
[    2.161994] sd 2:0:1:0: [sdb] Attached SCSI disk
[    2.505897] e1000 0000:00:08.0 eth1: (PCI:33MHz:32-bit) 08:00:27:55:f3:7f
[    2.507456] e1000 0000:00:08.0 eth1: Intel(R) PRO/1000 Network Connection
[    2.510579] e1000 0000:00:03.0 enp0s3: renamed from eth0
[    2.520532] e1000 0000:00:08.0 enp0s8: renamed from eth1
Begin: Loading essential drivers ... [    3.797273] md: linear personality registered for level -1
[    3.801272] md: multipath personality registered for level -4
[    3.804986] md: raid0 personality registered for level 0
[    3.809671] md: raid1 personality registered for level 1
[    3.879943] raid6: sse2x1   gen() 10558 MB/s
[    3.947993] raid6: sse2x1   xor()  7796 MB/s
[    4.016021] raid6: sse2x2   gen() 12953 MB/s
[    4.084805] raid6: sse2x2   xor()  8082 MB/s
[    4.152086] raid6: sse2x4   gen() 14833 MB/s
[    4.220116] raid6: sse2x4   xor() 10583 MB/s
[    4.288423] raid6: avx2x1   gen() 19264 MB/s
[    4.356486] raid6: avx2x2   gen() 25347 MB/s
[    4.424014] raid6: avx2x4   gen() 27242 MB/s
[    4.425312] raid6: using algorithm avx2x4 gen() 27242 MB/s
[    4.426789] raid6: using avx2x2 recovery algorithm
[    4.429592] xor: automatically using best checksumming function:
[    4.468178]    avx       : 24137.000 MB/sec
[    4.511966] async_tx: api initialized (async)
[    4.525162] md: raid6 personality registered for level 6
[    4.526310] md: raid5 personality registered for level 5
[    4.527490] md: raid4 personality registered for level 4
[    4.536215] md: raid10 personality registered for level 10
done.
Begin: Running /scripts/init-premount ... done.
Begin: Mounting root file system ... Begin: Running /scripts/local-top ... done.
Begin: Running /scripts/local-premount ... [    4.572274] Btrfs loaded
Scanning for Btrfs filesystems
done.
Warning: fsck not present, so skipping root file[    4.602076] EXT4-fs (sda1): mounted filesystem with ordered data mode. Opts: (null)
 system
done.
Begin: Running /scripts/local-bottom ... done.
Begin: Running /scripts/init-bottom ... done.
[    4.747470] systemd[1]: systemd 229 running in system mode. (+PAM +AUDIT +SELINUX +IMA +APPARMOR +SMACK +SYSVINIT +UTMP +LIBCRYPTSETUP +GCRYPT +GNUTLS +ACL +XZ -LZ4 +SECCOMP +BLKID +ELFUTILS +KMOD -IDN)
[    4.751632] systemd[1]: Detected virtualization oracle.
[    4.753091] systemd[1]: Detected architecture x86-64.

Welcome to [1mUbuntu 16.04.7 LTS[0m!

[    4.758141] systemd[1]: Set hostname to <ubuntu>.
[    4.761036] systemd[1]: Initializing machine ID from random generator.
[    4.762399] systemd[1]: Installed transient /etc/machine-id file.
[    5.086961] systemd[1]: Listening on LVM2 metadata daemon socket.
[[0;32m  OK  [0m] Listening on LVM2 metadata daemon socket.
[    5.089571] systemd[1]: Listening on udev Kernel Socket.
[[0;32m  OK  [0m] Listening on udev Kernel Socket.
[    5.092764] systemd[1]: Created slice User and Session Slice.
[[0;32m  OK  [0m] Created slice User and Session Slice.
[    5.095242] systemd[1]: Listening on Journal Audit Socket.
[[0;32m  OK  [0m] Listening on Journal Audit Socket.
[    5.097903] systemd[1]: Listening on Journal Socket.
[[0;32m  OK  [0m] Listening on Journal Socket.
[    5.101022] systemd[1]: Listening on Device-mapper event daemon FIFOs.
[[0;32m  OK  [0m] Listening on Device-mapper event daemon FIFOs.
[    5.108610] systemd[1]: Reached target Encrypted Volumes.
[[0;32m  OK  [0m] Reached target Encrypted Volumes.
[    5.111087] systemd[1]: Started Trigger resolvconf update for networkd DNS.
[[0;32m  OK  [0m] Started Trigger resolvconf update for networkd DNS.
[    5.115131] systemd[1]: Listening on LVM2 poll daemon socket.
[[0;32m  OK  [0m] Listening on LVM2 poll daemon socket.
[    5.117814] systemd[1]: Started Forward Password Requests to Wall Directory Watch.
[[0;32m  OK  [0m] Started Forward Password Requests to Wall Directory Watch.
[    5.121199] systemd[1]: Reached target Swap.
[[0;32m  OK  [0m] Reached target Swap.
[    5.124226] systemd[1]: Listening on udev Control Socket.
[[0;32m  OK  [0m] Listening on udev Control Socket.
[    5.126552] systemd[1]: Set up automount Arbitrary Executable File Formats File System Automount Point.
[[0;32m  OK  [0m] Set up automount Arbitrary Executab...ats File System Automount Point.
[    5.130218] systemd[1]: Listening on Journal Socket (/dev/log).
[[0;32m  OK  [0m] Listening on Journal Socket (/dev/log).
[    5.133611] systemd[1]: Listening on fsck to fsckd communication Socket.
[[0;32m  OK  [0m] Listening on fsck to fsckd communication Socket.
[    5.136251] systemd[1]: Reached target User and Group Name Lookups.
[[0;32m  OK  [0m] Reached target User and Group Name Lookups.
[    5.140504] systemd[1]: Created slice System Slice.
[[0;32m  OK  [0m] Created slice System Slice.
[    5.152181] systemd[1]: Starting Nameserver information manager...
         Starting Nameserver information manager...
[    5.156277] systemd[1]: Starting Monitoring of LVM2 mirrors, snapshots etc. using dmeventd or progress polling...
         Starting Monitoring of LVM2 mirrors... dmeventd or progress polling...
[    5.160668] systemd[1]: Mounting POSIX Message Queue File System...
         Mounting POSIX Message Queue File System...
[    5.163778] systemd[1]: Reached target Slices.
[[0;32m  OK  [0m] Reached target Slices.
[    5.167362] systemd[1]: Mounting Debug File System...
         Mounting Debug File System...
[    5.171797] systemd[1]: Starting Create list of required static device nodes for the current kernel...
         Starting Create list of required st... nodes for the current kernel...
[    5.175580] systemd[1]: Created slice system-serial\x2dgetty.slice.
[[0;32m  OK  [0m] Created slice system-serial\x2dgetty.slice.
[    5.178920] systemd[1]: Starting File System Check on Root Device...
         Starting File System Check on Root Device...
[    5.182744] systemd[1]: Starting Set console keymap...
         Starting Set console keymap...
[    5.188577] systemd[1]: Starting Load Kernel Modules...
         Starting Load Kernel Modules...
[    5.192966] systemd[1]: Starting Uncomplicated firewall...
         Starting Uncomplicated firewall...
[    5.196723] systemd[1]: Mounting Huge Pages File System...
         Mounting Huge Pages File System...
[    5.199542] Loading iSCSI transport class v2.0-870.
[    5.199721] systemd[1]: Listening on /dev/initctl Compatibility Named Pipe.
[[0;32m  OK  [0m] Listening on /dev/initctl Compatibility Named Pipe.
[    5.204197] systemd[1]: Reached target System Time Synchronized.
[[0;32m  OK  [0m] Reached target System Time Synchronized.
[    5.206826] systemd[1]: Listening on Syslog Socket.
[[0;32m  OK  [0m] Listening on Syslog Socket.
[    5.209535] systemd[1]: Starting Journal Service...
         Starting Journal Service...
[    5.213047] systemd[1]: Mounted POSIX Message Queue File System.
[[0;32m  OK  [0m] Mounted POSIX Message Queue File System.
[    5.215513] systemd[1]: Mounted Debug File System.
[[0;32m  OK  [0m] Mounted Debug File System.
[    5.218655] iscsi: registered transport (tcp)
[    5.224154] systemd[1]: Mounted Huge Pages File System.
[[0;32m  OK  [0m] Mounted Huge Pages File System.
[    5.227393] systemd[1]: Started Create list of required static device nodes for the current kernel.
[[0;32m  OK  [0m] Started Create list of required sta...ce nodes for the current kernel.
[    5.235570] systemd[1]: Started File System Check on Root Device.
[[0;32m  OK  [0m] Started File System Check on Root Device.
[    5.238303] systemd[1]: Started Uncomplicated firewall.
[[0;32m  OK  [0m] Started Uncomplicated firewall.
[    5.241137] systemd[1]: Started Nameserver information manager.
[[0;32m  OK  [0m] Started Nameserver information manager.
[    5.245797] systemd[1]: Started LVM2 metadata daemon.
[[0;32m  OK  [0m] Started LVM2 metadata daemon.
[    5.252798] systemd[1]: Started File System Check Daemon to report status.
[[0;32m  OK  [0m] Started File System Check Daemon to report status.
[    5.264886] systemd[1]: Starting Remount Root and Kernel File Systems...
[    5.265372] iscsi: registered transport (iser)
         Starting Remount Root and Kernel File Systems...
[    5.270100] systemd[1]: Starting Create Static Device Nodes in /dev...
[    5.270729] EXT4-fs (sda1): re-mounted. Opts: (null)
         Starting Create Static Device Nodes in /dev...
[    5.275275] systemd[1]: Started Journal Service.
[[0;32m  OK  [0m] Started Journal Service.
[[0;32m  OK  [0m] Started Set console keymap.
[[0;32m  OK  [0m] Started Load Kernel Modules.
[[0;32m  OK  [0m] Started Remount Root and Kernel File Systems.
         Starting udev Coldplug all Devices...
         Starting Load/Save Random Seed...
         Mounting FUSE Control File System...
         Starting Apply Kernel Variables...
         Starting Flush Journal to Persistent Storage...
[[0;32m  OK  [0m] Started Create Static Device Nodes in /dev.
[[0;32m  OK  [0m] Started Load/Save Random Seed.
         Starting udev Kernel Device Manager...
[    5.320296] systemd-journald[392]: Received request to flush runtime journal from PID 1
[[0;32m  OK  [0m] Mounted FUSE Control File System.
[[0;32m  OK  [0m] Started Apply Kernel Variables.
[[0;32m  OK  [0m] Started Flush Journal to Persistent Storage.
[[0;32m  OK  [0m] Started udev Kernel Device Manager.
[[0;32m  OK  [0m] Started udev Coldplug all Devices.
[[0;32m  OK  [0m] Started Dispatch Password Requests to Console Directory Watch.
[[0;32m  OK  [0m] Found device /dev/ttyS0.
[[0;32m  OK  [0m] Listening on Load/Save RF Kill Switch Status /dev/rfkill Watch.
[[0;32m  OK  [0m] Started Monitoring of LVM2 mirrors,...ng dmeventd or progress polling.
[[0;32m  OK  [0m] Reached target Local File Systems (Pre).
[[0;32m  OK  [0m] Reached target Local File Systems.
         Starting Initial cloud-init job (pre-networking)...
         Starting Commit a transient machine-id on disk...
         Starting LSB: AppArmor initialization...
         Starting Set console font and keymap...
         Starting Create Volatile Files and Directories...
         Starting Tell Plymouth To Write Out Runtime Data...
[[0;32m  OK  [0m] Started Commit a transient machine-id on disk.
[[0;32m  OK  [0m] Started Create Volatile Files and Directories.
[[0;32m  OK  [0m] Started Tell Plymouth To Write Out Runtime Data.
         Starting Update UTMP about System Boot/Shutdown...
[[0;32m  OK  [0m] Started Update UTMP about System Boot/Shutdown.
[[0;32m  OK  [0m] Started Set console font and keymap.
[[0;32m  OK  [0m] Created slice system-getty.slice.
[[0;32m  OK  [0m] Started LSB: AppArmor initialization.
         Starting Load AppArmor profiles managed internally by snapd...
[[0;32m  OK  [0m] Started Load AppArmor profiles managed internally by snapd.
[    6.894734] cloud-init[612]: Cloud-init v. 21.1-19-gbad84ad4-0ubuntu1~16.04.2 running 'init-local' at Sat, 22 May 2021 06:46:28 +0000. Up 6.49 seconds.
[[0;32m  OK  [0m] Started Initial cloud-init job (pre-networking).
[[0;32m  OK  [0m] Reached target Network (Pre).
         Starting Raise network interfaces...
[[0;32m  OK  [0m] Started Raise network interfaces.
         Starting Initial cloud-init job (metadata service crawler)...
[[0;32m  OK  [0m] Reached target Network.
[    7.847756] cloud-init[954]: Cloud-init v. 21.1-19-gbad84ad4-0ubuntu1~16.04.2 running 'init' at Sat, 22 May 2021 06:46:29 +0000. Up 7.47 seconds.
[    7.850255] cloud-init[954]: ci-info: ++++++++++++++++++++++++++++++++++++++Net device info+++++++++++++++++++++++++++++++++++++++
[    7.852499] cloud-init[954]: ci-info: +--------+-------+----------------------------+---------------+--------+-------------------+
[    7.855098] cloud-init[954]: ci-info: | Device |   Up  |          Address           |      Mask     | Scope  |     Hw-Address    |
[    7.857458] cloud-init[954]: ci-info: +--------+-------+----------------------------+---------------+--------+-------------------+
[    7.859587] cloud-init[954]: ci-info: | enp0s3 |  True |         10.0.2.15          | 255.255.255.0 | global | 02:ed:98:3c:8e:82 |
[    7.861912] cloud-init[954]: ci-info: | enp0s3 |  True | fe80::ed:98ff:fe3c:8e82/64 |       .       |  link  | 02:ed:98:3c:8e:82 |
[    7.864617] cloud-init[954]: ci-info: | enp0s8 | False |             .              |       .       |   .    | 08:00:27:55:f3:7f |
[    7.872564] cloud-init[954]: ci-info: |   lo   |  True |         127.0.0.1          |   255.0.0.0   |  host  |         .         |
[    7.880415] cloud-init[954]: ci-info: |   lo   |  True |          ::1/128           |       .       |  host  |         .         |
[    7.888408] cloud-init[954]: ci-info: +--------+-------+----------------------------+---------------+--------+-------------------+
[    7.890003] cloud-init[954]: ci-info: +++++++++++++++++++++++++++Route IPv4 info++++++++++++++++++++++++++++
[[0;32m  OK  [0m] Started Initial cloud-init job (metadata service crawler).
[[0;32m  OK  [0m] Reached target Network is Online.
[    7.895059] cloud-init[954]: ci-info: +-------+-------------+----------+---------------+-----------+-------+
[    7.897350] cloud-init[954]: ci-info: | Route | Destination | Gateway  |    Genmask    | Interface | Flags |
[    7.899177] cloud-init[954]: ci-info: +-------+-------------+----------+---------------+-----------+-------+         Starting iSCSI initiator daemon (iscsid)...
[[0;32m  OK  [0m] Reached target Cloud-config availability.

[[0;32m  OK  [0m] Reached target System Initialization.[    7.908678] cloud-init[954]: ci-info: |   0   |   0.0.0.0   | 10.0.2.2 |    0.0.0.0    |   enp0s3  |   UG  |

[[    7.910158] cloud-init[954]: ci-info: |   1   |   10.0.2.0  | 0.0.0.0  | 255.255.255.0 |   enp0s3  |   U   |
[    7.911888] cloud-init[954]: ci-info: +-------+-------------+----------+---------------+-----------+-------+
[    7.912493] cloud-init[954]: ci-info: +++++++++++++++++++Route IPv6 info+++++++++++++++++++
[    7.913080] cloud-init[954]: ci-info: +-------+-------------+---------+-----------+-------+
[    7.913666] cloud-init[954]: ci-info: | Route | Destination | Gateway | Interface | Flags |
[    7.914257] cloud-init[954]: ci-info: +-------+-------------+---------+-----------+-------+
[    7.914834] cloud-init[954]: ci-info: |   0   |  fe80::/64  |    ::   |   enp0s3  |   U   |
[    7.915431] cloud-init[954]: ci-info: |   3   |   ff00::/8  |    ::   |   enp0s3  |   U   |
[0;32m  OK  [0m] Started Daily Cleanup of Temporary Directories.
[    7.915873] cloud-init[954]: ci-info: +-------+-------------+---------+-----------+-------+
[    7.924335] cloud-init[954]: Generating public/private rsa key pair.
[    7.925883] cloud-init[954]: Your identification has been saved in /etc/ssh/ssh_host_rsa_key.
[    7.926119] cloud-init[954]: Your public key has been saved in /etc/ssh/ssh_host_rsa_key.pub.
[    7.926375] cloud-init[954]: The key fingerprint is:
[[0;32m  OK  [0m] Started ACPI Events Check.
[[    7.927854] cloud-init[954]: SHA256:sAUvNpv7c4dULaadtExIM8wTSu2ndz56xs2NOs4R2s0 root@ubuntu-xenial
[    7.930680] cloud-init[954]: The key's randomart image is:
[0;32m  OK  [0m] Reached target Paths.
[    7.930828] cloud-init[954]: +---[RSA 2048]----+
[    7.934111] cloud-init[954]: |      . .+..     |
[    7.934303] cloud-init[954]: |       + .O      |
[    7.935441] cloud-init[954]: |      = +o = .   |
[    7.935772] cloud-init[954]: |     . O  o B .  |
[    7.936585] cloud-init[954]: |      + S  @.+   |
[    7.937221] cloud-init[954]: |       .  +o*+.  |
[    7.937724] cloud-init[954]: |      .  ..oo+E+.|
[    7.938305] cloud-init[954]: |       .. o.o.B +|
[    7.938826] cloud-init[954]: |        .o o=* . |
[    7.939406] cloud-init[954]: +----[SHA256]-----+
[    7.940019] cloud-init[954]: Generating public/private dsa key pair.
[    7.940095] cloud-init[954]: Your identification has been saved in /etc/ssh/ssh_host_dsa_key.
[    7.942578] cloud-init[954]: Your public key has been saved in /etc/ssh/ssh_host_dsa_key.pub.
[[0;32m  OK  [0m] Started Message of the Day.[    7.943418] 
cloud-init[954]: The key fingerprint is:
[    7.943459] cloud-init[954]: SHA256:OfDv1bVQnM5JVD0aG7PGxfrd1akp4fWbCckjfBKrTXQ root@ubuntu-xenial
[    7.948734] cloud-init[954]: The key's randomart image is:
[    7.948939] cloud-init[954]: +---[DSA 1024]----+
         Starting LXD - unix socket.
[    7.949011] cloud-init[954]: |              ..+|
[    7.951061] cloud-init[954]: |             +o+o|
[    7.951646] cloud-init[954]: |      .     . X=+|
[    7.952439] cloud-init[954]: |       o . + E=.+|
[    7.953028] cloud-init[954]: |        S + O.*+=|
[    7.953617] cloud-init[954]: |         o O X.++|
[    7.953879] [[0;32m  OK  [0m] Listening on D-Bus System Message Bus Socket.
cloud-init[954]: |          = * +.+|
[    7.956868] cloud-init[954]: |         o o   + |
[    7.957027] cloud-init[954]: |          .      |
[    7.957625] cloud-init[954]: +----[SHA256]-----+
[    7.958212] cloud-init[954]: Generating public/private ecdsa key pair.
[    7.958801] cloud-init[954]: Your identification has been saved in /etc/ssh/ssh_host_ecdsa_key.
[[0;32m  OK  [0m] Listening on UUID daemon activation socket.
         Starting Socket activation for snappy daemon.[    7.959425] cloud-init[954]: Your public key has been saved in /etc/ssh/ssh_host_ecdsa_key.pub.
[    7.963929] cloud-init[954]: The key fingerprint is:
[    7.964514] cloud-init[954]: SHA256:gLCstYHJC3RB62E59YvEzcK28GbgK8WRjJ/kR3K0kXs root@ubuntu-xenial
[    7.965098] cloud-init[954]: The key's randomart image is:
[    7.965684] cloud-init[954]: +---[ECDSA 256]---+
[    7.966278] cloud-init[954]: | .o+.+.          |
[    7.966883] cloud-init[954]: |o++oOo*          |
[    7.967468] cloud-init[954]: |+o=#.Xo+         |
[    7.968261] cloud-init[954]: |.oXo#.+E.        |
[    7.968835] cloud-init[954]: |...O B..S        |

[    7.968909] cloud-init[954]: |  . =            |
[    7.972590] cloud-init[954]: | . .             |
[    7.972840] cloud-init[954]: |  .              |
[    7.973492] cloud-init[954]: |                 |
[    7.973888] cloud-init[954]: +----[SHA256]-----+
[    7.974509] cloud-init[954]: Generating public/private ed25519 key pair.
[    7.975296] cloud-init[954]: Your identification has been saved in /etc/ssh/ssh_host_ed25519_key.
[    7.975895] cloud-init[954]: Your public key has been saved in /etc/ssh/ssh_host_ed25519_key.pub.
[    7.976557] cloud-init[954]: The key fingerprint is:
[    7.977464] cloud-init[954]: SHA256:eCklLSsRJsQAFAfwMqNrjsfhcJ+E7c0SXyLVWltk7L4 root@ubuntu-xenial
[    7.978163] cloud-init[954]: The key's randomart image is:
[    7.979365] cloud-init[954]: +--[ED25519 256]--+
[    7.979974] cloud-init[954]: |BB=.o    .       |
[    7.980494] cloud-init[954]: | .oo . .  +      |
[    7.981230] cloud-init[954]: |+ . . o.o+       |
[    7.981845] cloud-init[954]: |.+   ..*o.o      |
[    7.982417] cloud-init[954]: |.  o..+oS+       |
[[0;32m  OK  [0m] Started Daily apt download activities.
[    7.982997] cloud-init[954]: |..+ =.ooo .      |
[[    7.987899] [0;32m  OK  [0mcloud-init] [954]: Started Daily apt upgrade and clean activities.|.* = B o   .     |

[[    7.988187] cloud-init[954]: |+ + = +   E      |
[    7.990106] cloud-init[954]: |.o   .           |
[    7.990732] cloud-init[954]: +----[SHA256]-----+
[0;32m  OK  [0m] Reached target Timers.
[[0;32m  OK  [0m] Listening on ACPID Listen Socket.
[[0;32m  OK  [0m] Listening on LXD - unix socket.
[[0;32m  OK  [0m] Listening on Socket activation for snappy daemon.
[[0;32m  OK  [0m] Reached target Sockets.
[[0;32m  OK  [0m] Reached target Basic System.
         Starting LSB: MD monitoring daemon...
         Starting Pollinate to seed the pseudo random number generator...
         Starting Login Service...
[[0;32m  OK  [0m] Started Deferred execution scheduler.
         Starting Virtualbox guest utils...
         Starting LSB: Record successful boot for GRUB...
[[0;32m  OK  [0m] Started D-Bus System Message Bus.
         Starting /etc/rc.local Compatibility...
[[0;32m  OK  [0m] Started ACPI event daemon.
[[0;32m  OK  [0m] Started Regular background program processing daemon.
         Starting Snap Daemon...
         Starting System Logging Service...
         Starting Accounts Service...
[[0;32m  OK  [0m] Started FUSE filesystem for LXC.
         Starting LXD - container startup/shutdown...
[[0;32m  OK  [0m] Started iSCSI initiator daemon (iscsid).
[[0;32m  OK  [0m] Started /etc/rc.local Compatibility.
         Starting Login to default iSCSI targets...
[[0;32m  OK  [0m] Started System Logging Service.
[[0;32m  OK  [0m] Started Login Service.
[[0;32m  OK  [0m] Started Unattended Upgrades Shutdown.
[[0;32m  OK  [0m] Started LSB: Record successful boot for GRUB.
[[0;32m  OK  [0m] Started LSB: MD monitoring daemon.
         Starting Authenticate and Authorize Users to Run Privileged Tasks...
[[0;32m  OK  [0m] Started Login to default iSCSI targets.
[[0;32m  OK  [0m] Reached target Remote File Systems (Pre).
[[0;32m  OK  [0m] Reached target Remote File Systems.
         Starting LSB: automatic crash report generation...
         Starting LSB: Set the CPU Frequency Scaling governor to "ondemand"...
         Starting Permit User Sessions...
         Starting LSB: daemon to balance interrupts for SMP systems...
[[0;32m  OK  [0m] Started LXD - container startup/shutdown.
[[0;32m  OK  [0m] Started Permit User Sessions.
[[0;32m  OK  [0m] Started Authenticate and Authorize Users to Run Privileged Tasks.
[[0;32m  OK  [0m] Started Accounts Service.
         Starting Terminate Plymouth Boot Screen...
         Starting Hold until boot process finishes up...
[[0;32m  OK  [0m] Started Terminate Plymouth Boot Screen.
[[0;32m  OK  [0m] Started Hold until boot process finishes up.
[[0;32m  OK  [0m] Started Getty on tty1.
         Starting Set console scheme...
[[0;32m  OK  [0m] Started Serial Getty on ttyS0.
[[0;32m  OK  [0m] Reached target Login Prompts.
[[0;32m  OK  [0m] Started Virtualbox guest utils.
[[0;32m  OK  [0m] Started LSB: Set the CPU Frequency Scaling governor to "ondemand".
[[0;32m  OK  [0m] Started Set console scheme.
[[0;32m  OK  [0m] Started LSB: automatic crash report generation.
[[0;32m  OK  [0m] Started LSB: daemon to balance interrupts for SMP systems.
[[0;32m  OK  [0m] Started Snap Daemon.
         Starting Wait until snapd is fully seeded...
[[0;32m  OK  [0m] Started Pollinate to seed the pseudo random number generator.
         Starting OpenBSD Secure Shell server...
[[0;32m  OK  [0m] Started OpenBSD Secure Shell server.
[[0;32m  OK  [0m] Started Wait until snapd is fully seeded.
         Starting Apply the settings specified in cloud-config...
[[0;32m  OK  [0m] Reached target Multi-User System.
[[0;32m  OK  [0m] Reached target Graphical Interface.
         Starting Update UTMP about System Runlevel Changes...
[[0;32m  OK  [0m] Started Update UTMP about System Runlevel Changes.
[   10.399247] cloud-init[1297]: Generating locales (this might take a while)...
[   11.093523] cloud-init[1297]:   en_US.UTF-8... done
[   11.100928] cloud-init[1297]: Generation complete.
[   11.574535] cloud-init[1297]: Cloud-init v. 21.1-19-gbad84ad4-0ubuntu1~16.04.2 running 'modules:config' at Sat, 22 May 2021 06:46:31 +0000. Up 10.25 seconds.
[[0;32m  OK  [0m] Started Apply the settings specified in cloud-config.
         Starting Execute cloud user/final scripts...
[[0;32m  OK  [0m] Created slice User Slice of vagrant.
         Starting User Manager for UID 1000...
[[0;32m  OK  [0m] Started Session 1 of user vagrant.
[[0;32m  OK  [0m] Started User Manager for UID 1000.
ci-info: no authorized SSH keys fingerprints found for user ubuntu.
<14>May 22 06:46:34 ec2: 
<14>May 22 06:46:34 ec2: #############################################################
<14>May 22 06:46:34 ec2: -----BEGIN SSH HOST KEY FINGERPRINTS-----
<14>May 22 06:46:34 ec2: 1024 SHA256:OfDv1bVQnM5JVD0aG7PGxfrd1akp4fWbCckjfBKrTXQ root@ubuntu-xenial (DSA)
<14>May 22 06:46:34 ec2: 256 SHA256:gLCstYHJC3RB62E59YvEzcK28GbgK8WRjJ/kR3K0kXs root@ubuntu-xenial (ECDSA)
<14>May 22 06:46:34 ec2: 256 SHA256:eCklLSsRJsQAFAfwMqNrjsfhcJ+E7c0SXyLVWltk7L4 root@ubuntu-xenial (ED25519)
<14>May 22 06:46:34 ec2: 2048 SHA256:sAUvNpv7c4dULaadtExIM8wTSu2ndz56xs2NOs4R2s0 root@ubuntu-xenial (RSA)
<14>May 22 06:46:34 ec2: -----END SSH HOST KEY FINGERPRINTS-----
<14>May 22 06:46:34 ec2: #############################################################
-----BEGIN SSH HOST KEY KEYS-----
ecdsa-sha2-nistp256 AAAAE2VjZHNhLXNoYTItbmlzdHAyNTYAAAAIbmlzdHAyNTYAAABBBM8HhsJ8zSddsHYxhUsyt6uabXAJuCmZdk+ukxYsLTiKhvRlpnh1B1JvOORLPTE55DqDec4r/RHXcvL3ui3/1MI= root@ubuntu-xenial
ssh-ed25519 AAAAC3NzaC1lZDI1NTE5AAAAIFFuw82C+35JRmIhEofzAsV9TLtKLm702UO54f+8xYoj root@ubuntu-xenial
ssh-rsa AAAAB3NzaC1yc2EAAAADAQABAAABAQDlu1YKYe7qqJPF6iVVbMkGpkvL83BIEhhwZlN//MySWyeFl5fOQrfQfrncm1rAY60jKpr0mz+J2KBQzU77NKK1EXH4BQExu3lv2vKbclkYBvqztQbU5tCyU9+BLF9i1Cz4ibpIzFWwCK2RGmW9O2QLweCnkvMhl/VP6dg1fz5NyAainX2UgbLJ6/3E9q4OJLSlOkDsJDhJnma7xMjqQgWP1subc+AWjJos2acJN7P1mMXRjeSPquahheWyfGyvu38/Vxy4w3ztdjoPTThguJ02a6EbqNz99LeGqIHxVxH+aJJ4ovIMYh6egGwCX/BwV9/8IXRLW9JjPiNHWdRjK+hv root@ubuntu-xenial
-----END SSH HOST KEY KEYS-----
[   12.477521] cloud-init[1343]: Cloud-init v. 21.1-19-gbad84ad4-0ubuntu1~16.04.2 running 'modules:final' at Sat, 22 May 2021 06:46:33 +0000. Up 12.25 seconds.
[   12.480893] cloud-init[1343]: ci-info: no authorized SSH keys fingerprints found for user ubuntu.
[   12.483596] cloud-init[1343]: Cloud-init v. 21.1-19-gbad84ad4-0ubuntu1~16.04.2 finished at Sat, 22 May 2021 06:46:34 +0000. Datasource DataSourceNoCloud [seed=/dev/sdb][dsmode=net].  Up 12.46 seconds
[[0;32m  OK  [0m] Started Execute cloud user/final scripts.
[[0;32m  OK  [0m] Reached target Cloud-init target.

Ubuntu 16.04.7 LTS ubuntu-xenial ttyS0

ubuntu-xenial login: [[0;32m  OK  [0m] Stopped target Graphical Interface.
[[0;32m  OK  [0m] Closed Load/Save RF Kill Switch Status /dev/rfkill Watch.
         Stopping Authenticate and Authorize Users to Run Privileged Tasks...
[[0;32m  OK  [0m] Stopped target Cloud-init target.
[[0;32m  OK  [0m] Stopped Execute cloud user/final scripts.
         Stopping Session 3 of user vagrant.
[[0;32m  OK  [0m] Stopped Apply the settings specified in cloud-config.
[[0;32m  OK  [0m] Stopped target Cloud-config availability.
         Stopping ACPI event daemon...
[[0;32m  OK  [0m] Stopped target Multi-User System.
         Stopping LXD - container startup/shutdown...
         Stopping LSB: Set the CPU Frequency Scaling governor to "ondemand"...
[[0;32m  OK  [0m] Stopped target Login Prompts.
         Stopping D-Bus System Message Bus...
         Stopping LSB: MD monitoring daemon...
         Stopping System Logging Service...
         Stopping A high performance web server and a reverse proxy server...
         Stopping LSB: automatic crash report generation...
[[0;32m  OK  [0m] Stopped Wait until snapd is fully seeded.
         Stopping LSB: Record successful boot for GRUB...
         Stopping FUSE filesystem for LXC...
         Stopping OpenBSD Secure Shell server...
         Stopping Serial Getty on ttyS0...
         Stopping Regular background program processing daemon...
         Stopping User Manager for UID 1000...
[[0;32m  OK  [0m] Stopped target Timers.
[[0;32m  OK  [0m] Stopped Daily apt upgrade and clean activities.
[[0;32m  OK  [0m] Stopped Daily apt download activities.
[[0;32m  OK  [0m] Stopped Message of the Day.
[[0;32m  OK  [0m] Stopped Daily Cleanup of Temporary Directories.
         Stopping Virtualbox guest utils...
         Stopping Getty on tty1...
         Stopping Accounts Service...
         Stopping Deferred execution scheduler...
[[0;32m  OK  [0m] Stopped target System Time Synchronized.
         Stopping LSB: daemon to balance interrupts for SMP systems...
[[0;32m  OK  [0m] Unmounted /var/lib/lxcfs.
[[0;32m  OK  [0m] Stopped Deferred execution scheduler.
[[0;32m  OK  [0m] Stopped ACPI event daemon.
[[0;32m  OK  [0m] Stopped Regular background program processing daemon.
[[0;32m  OK  [0m] Stopped System Logging Service.
[[0;32m  OK  [0m] Stopped Accounts Service.
[[0;32m  OK  [0m] Stopped Authenticate and Authorize Users to Run Privileged Tasks.
[[0;32m  OK  [0m] Stopped Getty on tty1.
[[0;32m  OK  [0m] Stopped Serial Getty on ttyS0.
[[0;32m  OK  [0m] Stopped OpenBSD Secure Shell server.
[[0;32m  OK  [0m] Stopped User Manager for UID 1000.
[[0;32m  OK  [0m] Stopped Session 3 of user vagrant.
[[0;32m  OK  [0m] Stopped D-Bus System Message Bus.
[[0;32m  OK  [0m] Stopped A high performance web server and a reverse proxy server.
[[0;32m  OK  [0m] Stopped FUSE filesystem for LXC.
[[0;32m  OK  [0m] Stopped LXD - container startup/shutdown.
[[0;32m  OK  [0m] Stopped LSB: MD monitoring daemon.
[[0;32m  OK  [0m] Stopped LSB: Set the CPU Frequency Scaling governor to "ondemand".
[[0;32m  OK  [0m] Stopped LSB: automatic crash report generation.
[[0;32m  OK  [0m] Stopped LSB: Record successful boot for GRUB.
[[0;32m  OK  [0m] Stopped LSB: daemon to balance interrupts for SMP systems.
[[0;32m  OK  [0m] Stopped Virtualbox guest utils.
[[0;32m  OK  [0m] Removed slice User Slice of vagrant.
         Stopping Login Service...
[[0;32m  OK  [0m] Removed slice system-serial\x2dgetty.slice.
         Stopping Permit User Sessions...
[[0;32m  OK  [0m] Removed slice system-getty.slice.
[[0;32m  OK  [0m] Stopped /etc/rc.local Compatibility.
[[0;32m  OK  [0m] Stopped Permit User Sessions.
[[0;32m  OK  [0m] Stopped target Remote File Systems.
         Unmounting /vagrant...
[[0;32m  OK  [0m] Unmounted /vagrant.
[[0;32m  OK  [0m] Stopped target Remote File Systems (Pre).
         Stopping Login to default iSCSI targets...
[[0;32m  OK  [0m] Stopped Login Service.
[[0;32m  OK  [0m] Stopped target Basic System.
[[0;32m  OK  [0m] Stopped target Sockets.
[[0;32m  OK  [0m] Closed UUID daemon activation socket.
[[0;32m  OK  [0m] Closed Socket activation for snappy daemon.
[[0;32m  OK  [0m] Closed ACPID Listen Socket.
[[0;32m  OK  [0m] Closed Syslog Socket.
[[0;32m  OK  [0m] Closed LXD - unix socket.
[[0;32m  OK  [0m] Stopped target Slices.
[[0;32m  OK  [0m] Stopped target Paths.
[[0;32m  OK  [0m] Stopped ACPI Events Check.
[[0;32m  OK  [0m] Stopped Forward Password Requests to Wall Directory Watch.
[[0;32m  OK  [0m] Stopped Dispatch Password Requests to Console Directory Watch.
[[0;32m  OK  [0m] Stopped target User and Group Name Lookups.
[[0;32m  OK  [0m] Removed slice User and Session Slice.
[[0;32m  OK  [0m] Closed D-Bus System Message Bus Socket.
[[0;32m  OK  [0m] Stopped target System Initialization.
[[0;32m  OK  [0m] Stopped target Encrypted Volumes.
[[0;32m  OK  [0m] Stopped Create Volatile Files and Directories.
         Stopping Load/Save Random Seed...
[[0;32m  OK  [0m] Stopped Commit a transient machine-id on disk.
[[0;32m  OK  [0m] Stopped target Swap.
[[0;32m  OK  [0m] Stopped Load/Save Random Seed.
[[0;32m  OK  [0m] Stopped Login to default iSCSI targets.
         Stopping iSCSI initiator daemon (iscsid)...
[[0;32m  OK  [0m] Stopped iSCSI initiator daemon (iscsid).
[[0;32m  OK  [0m] Stopped target Network is Online.
[[0;32m  OK  [0m] Stopped Initial cloud-init job (metadata service crawler).
[[0;32m  OK  [0m] Stopped target Network.
         Stopping Raise network interfaces...
[[0;32m  OK  [0m] Stopped Raise network interfaces.
[[0;32m  OK  [0m] Stopped target Local File Systems.
         Unmounting /run/user/1000...
[[0;32m  OK  [0m] Stopped Apply Kernel Variables.
[[0;32m  OK  [0m] Stopped Load Kernel Modules.
[[0;32m  OK  [0m] Stopped target Network (Pre).
[[0;32m  OK  [0m] Stopped Initial cloud-init job (pre-networking).
[[0;32m  OK  [0m] Unmounted /run/user/1000.
[[0;32m  OK  [0m] Reached target Unmount All Filesystems.
[[0;32m  OK  [0m] Stopped target Local File Systems (Pre).
[[0;32m  OK  [0m] Stopped Create Static Device Nodes in /dev.
[[0;32m  OK  [0m] Stopped Remount Root and Kernel File Systems.
[[0;32m  OK  [0m] Reached target Shutdown.
[  276.851125] reboot: Power down
